Archive member included to satisfy reference by file (symbol)

c:/st/stm32cubeide_1.12.0/stm32cubeide/plugins/com.st.stm32cube.ide.mcu.externaltools.gnu-tools-for-stm32.10.3-2021.10.win32_1.0.200.202301161003/tools/bin/../lib/gcc/arm-none-eabi/10.3.1/../../../../arm-none-eabi/lib/thumb/v7e-m+fp/hard\libc_nano.a(lib_a-errno.o)
                              ./Core/Src/syscalls.o (__errno)
c:/st/stm32cubeide_1.12.0/stm32cubeide/plugins/com.st.stm32cube.ide.mcu.externaltools.gnu-tools-for-stm32.10.3-2021.10.win32_1.0.200.202301161003/tools/bin/../lib/gcc/arm-none-eabi/10.3.1/../../../../arm-none-eabi/lib/thumb/v7e-m+fp/hard\libc_nano.a(lib_a-exit.o)
                              c:/st/stm32cubeide_1.12.0/stm32cubeide/plugins/com.st.stm32cube.ide.mcu.externaltools.gnu-tools-for-stm32.10.3-2021.10.win32_1.0.200.202301161003/tools/bin/../lib/gcc/arm-none-eabi/10.3.1/../../../../arm-none-eabi/lib/thumb/v7e-m+fp/hard/crt0.o (exit)
c:/st/stm32cubeide_1.12.0/stm32cubeide/plugins/com.st.stm32cube.ide.mcu.externaltools.gnu-tools-for-stm32.10.3-2021.10.win32_1.0.200.202301161003/tools/bin/../lib/gcc/arm-none-eabi/10.3.1/../../../../arm-none-eabi/lib/thumb/v7e-m+fp/hard\libc_nano.a(lib_a-impure.o)
                              c:/st/stm32cubeide_1.12.0/stm32cubeide/plugins/com.st.stm32cube.ide.mcu.externaltools.gnu-tools-for-stm32.10.3-2021.10.win32_1.0.200.202301161003/tools/bin/../lib/gcc/arm-none-eabi/10.3.1/../../../../arm-none-eabi/lib/thumb/v7e-m+fp/hard\libc_nano.a(lib_a-exit.o) (_global_impure_ptr)
c:/st/stm32cubeide_1.12.0/stm32cubeide/plugins/com.st.stm32cube.ide.mcu.externaltools.gnu-tools-for-stm32.10.3-2021.10.win32_1.0.200.202301161003/tools/bin/../lib/gcc/arm-none-eabi/10.3.1/../../../../arm-none-eabi/lib/thumb/v7e-m+fp/hard\libc_nano.a(lib_a-init.o)
                              c:/st/stm32cubeide_1.12.0/stm32cubeide/plugins/com.st.stm32cube.ide.mcu.externaltools.gnu-tools-for-stm32.10.3-2021.10.win32_1.0.200.202301161003/tools/bin/../lib/gcc/arm-none-eabi/10.3.1/../../../../arm-none-eabi/lib/thumb/v7e-m+fp/hard/crt0.o (__libc_init_array)
c:/st/stm32cubeide_1.12.0/stm32cubeide/plugins/com.st.stm32cube.ide.mcu.externaltools.gnu-tools-for-stm32.10.3-2021.10.win32_1.0.200.202301161003/tools/bin/../lib/gcc/arm-none-eabi/10.3.1/../../../../arm-none-eabi/lib/thumb/v7e-m+fp/hard\libc_nano.a(lib_a-memset.o)
                              c:/st/stm32cubeide_1.12.0/stm32cubeide/plugins/com.st.stm32cube.ide.mcu.externaltools.gnu-tools-for-stm32.10.3-2021.10.win32_1.0.200.202301161003/tools/bin/../lib/gcc/arm-none-eabi/10.3.1/../../../../arm-none-eabi/lib/thumb/v7e-m+fp/hard/crt0.o (memset)
c:/st/stm32cubeide_1.12.0/stm32cubeide/plugins/com.st.stm32cube.ide.mcu.externaltools.gnu-tools-for-stm32.10.3-2021.10.win32_1.0.200.202301161003/tools/bin/../lib/gcc/arm-none-eabi/10.3.1/../../../../arm-none-eabi/lib/thumb/v7e-m+fp/hard\libc_nano.a(lib_a-sprintf.o)
                              ./Core/Src/main.o (sprintf)
c:/st/stm32cubeide_1.12.0/stm32cubeide/plugins/com.st.stm32cube.ide.mcu.externaltools.gnu-tools-for-stm32.10.3-2021.10.win32_1.0.200.202301161003/tools/bin/../lib/gcc/arm-none-eabi/10.3.1/../../../../arm-none-eabi/lib/thumb/v7e-m+fp/hard\libc_nano.a(lib_a-nano-svfprintf.o)
                              c:/st/stm32cubeide_1.12.0/stm32cubeide/plugins/com.st.stm32cube.ide.mcu.externaltools.gnu-tools-for-stm32.10.3-2021.10.win32_1.0.200.202301161003/tools/bin/../lib/gcc/arm-none-eabi/10.3.1/../../../../arm-none-eabi/lib/thumb/v7e-m+fp/hard\libc_nano.a(lib_a-sprintf.o) (_svfprintf_r)
c:/st/stm32cubeide_1.12.0/stm32cubeide/plugins/com.st.stm32cube.ide.mcu.externaltools.gnu-tools-for-stm32.10.3-2021.10.win32_1.0.200.202301161003/tools/bin/../lib/gcc/arm-none-eabi/10.3.1/../../../../arm-none-eabi/lib/thumb/v7e-m+fp/hard\libc_nano.a(lib_a-nano-vfprintf_i.o)
                              c:/st/stm32cubeide_1.12.0/stm32cubeide/plugins/com.st.stm32cube.ide.mcu.externaltools.gnu-tools-for-stm32.10.3-2021.10.win32_1.0.200.202301161003/tools/bin/../lib/gcc/arm-none-eabi/10.3.1/../../../../arm-none-eabi/lib/thumb/v7e-m+fp/hard\libc_nano.a(lib_a-nano-svfprintf.o) (_printf_i)
c:/st/stm32cubeide_1.12.0/stm32cubeide/plugins/com.st.stm32cube.ide.mcu.externaltools.gnu-tools-for-stm32.10.3-2021.10.win32_1.0.200.202301161003/tools/bin/../lib/gcc/arm-none-eabi/10.3.1/../../../../arm-none-eabi/lib/thumb/v7e-m+fp/hard\libc_nano.a(lib_a-memchr.o)
                              c:/st/stm32cubeide_1.12.0/stm32cubeide/plugins/com.st.stm32cube.ide.mcu.externaltools.gnu-tools-for-stm32.10.3-2021.10.win32_1.0.200.202301161003/tools/bin/../lib/gcc/arm-none-eabi/10.3.1/../../../../arm-none-eabi/lib/thumb/v7e-m+fp/hard\libc_nano.a(lib_a-nano-svfprintf.o) (memchr)
c:/st/stm32cubeide_1.12.0/stm32cubeide/plugins/com.st.stm32cube.ide.mcu.externaltools.gnu-tools-for-stm32.10.3-2021.10.win32_1.0.200.202301161003/tools/bin/../lib/gcc/arm-none-eabi/10.3.1/../../../../arm-none-eabi/lib/thumb/v7e-m+fp/hard\libc_nano.a(lib_a-memcpy-stub.o)
[...]
Memory Configuration

Name             Origin             Length             Attributes
RAM              0x0000000020000000 0x0000000000050000 xrw
RAM2             0x0000000010000000 0x0000000000010000 xrw
FLASH            0x0000000008000000 0x0000000000100000 xr
*default*        0x0000000000000000 0xffffffffffffffff

Linker script and memory map

LOAD c:/st/stm32cubeide_1.12.0/stm32cubeide/plugins/com.st.stm32cube.ide.mcu.externaltools.gnu-tools-for-stm32.10.3-2021.10.win32_1.0.200.202301161003/tools/bin/../lib/gcc/arm-none-eabi/10.3.1/thumb/v7e-m+fp/hard/crti.o
LOAD c:/st/stm32cubeide_1.12.0/stm32cubeide/plugins/com.st.stm32cube.ide.mcu.externaltools.gnu-tools-for-stm32.10.3-2021.10.win32_1.0.200.202301161003/tools/bin/../lib/gcc/arm-none-eabi/10.3.1/thumb/v7e-m+fp/hard/crtbegin.o
LOAD c:/st/stm32cubeide_1.12.0/stm32cubeide/plugins/com.st.stm32cube.ide.mcu.externaltools.gnu-tools-for-stm32.10.3-2021.10.win32_1.0.200.202301161003/tools/bin/../lib/gcc/arm-none-eabi/10.3.1/../../../../arm-none-eabi/lib/thumb/v7e-m+fp/hard/crt0.o
LOAD ./Core/Src/ADC.o
LOAD ./Core/Src/delay.o
LOAD ./Core/Src/main.o
LOAD ./Core/Src/stm32l4xx_hal_msp.o
LOAD ./Core/Src/stm32l4xx_it.o
LOAD ./Core/Src/syscalls.o
LOAD ./Core/Src/sysmem.o
LOAD ./Core/Src/system_stm32l4xx.o
LOAD ./Core/Src/uart.o
LOAD ./Core/Startup/startup_stm32l4a6zgtx.o
LOAD ./Drivers/STM32L4xx_HAL_Driver/Src/stm32l4xx_hal.o
LOAD ./Drivers/STM32L4xx_HAL_Driver/Src/stm32l4xx_hal_cortex.o
LOAD ./Drivers/STM32L4xx_HAL_Driver/Src/stm32l4xx_hal_dma.o
LOAD ./Drivers/STM32L4xx_HAL_Driver/Src/stm32l4xx_hal_dma_ex.o
LOAD ./Drivers/STM32L4xx_HAL_Driver/Src/stm32l4xx_hal_exti.o
LOAD ./Drivers/STM32L4xx_HAL_Driver/Src/stm32l4xx_hal_flash.o
LOAD ./Drivers/STM32L4xx_HAL_Driver/Src/stm32l4xx_hal_flash_ex.o
LOAD ./Drivers/STM32L4xx_HAL_Driver/Src/stm32l4xx_hal_flash_ramfunc.o
LOAD ./Drivers/STM32L4xx_HAL_Driver/Src/stm32l4xx_hal_gpio.o
LOAD ./Drivers/STM32L4xx_HAL_Driver/Src/stm32l4xx_hal_pwr.o
LOAD ./Drivers/STM32L4xx_HAL_Driver/Src/stm32l4xx_hal_pwr_ex.o
LOAD ./Drivers/STM32L4xx_HAL_Driver/Src/stm32l4xx_hal_rcc.o
LOAD ./Drivers/STM32L4xx_HAL_Driver/Src/stm32l4xx_hal_rcc_ex.o
START GROUP
LOAD c:/st/stm32cubeide_1.12.0/stm32cubeide/plugins/com.st.stm32cube.ide.mcu.externaltools.gnu-tools-for-stm32.10.3-2021.10.win32_1.0.200.202301161003/tools/bin/../lib/gcc/arm-none-eabi/10.3.1/../../../../arm-none-eabi/lib/thumb/v7e-m+fp/hard\libc_nano.a
LOAD c:/st/stm32cubeide_1.12.0/stm32cubeide/plugins/com.st.stm32cube.ide.mcu.externaltools.gnu-tools-for-stm32.10.3-2021.10.win32_1.0.200.202301161003/tools/bin/../lib/gcc/arm-none-eabi/10.3.1/../../../../arm-none-eabi/lib/thumb/v7e-m+fp/hard\libm.a
END GROUP
START GROUP
LOAD c:/st/stm32cubeide_1.12.0/stm32cubeide/plugins/com.st.stm32cube.ide.mcu.externaltools.gnu-tools-for-stm32.10.3-2021.10.win32_1.0.200.202301161003/tools/bin/../lib/gcc/arm-none-eabi/10.3.1/thumb/v7e-m+fp/hard\libgcc.a
LOAD c:/st/stm32cubeide_1.12.0/stm32cubeide/plugins/com.st.stm32cube.ide.mcu.externaltools.gnu-tools-for-stm32.10.3-2021.10.win32_1.0.200.202301161003/tools/bin/../lib/gcc/arm-none-eabi/10.3.1/../../../../arm-none-eabi/lib/thumb/v7e-m+fp/hard\libc_nano.a
END GROUP
START GROUP
LOAD c:/st/stm32cubeide_1.12.0/stm32cubeide/plugins/com.st.stm32cube.ide.mcu.externaltools.gnu-tools-for-stm32.10.3-2021.10.win32_1.0.200.202301161003/tools/bin/../lib/gcc/arm-none-eabi/10.3.1/thumb/v7e-m+fp/hard\libgcc.a
LOAD c:/st/stm32cubeide_1.12.0/stm32cubeide/plugins/com.st.stm32cube.ide.mcu.externaltools.gnu-tools-for-stm32.10.3-2021.10.win32_1.0.200.202301161003/tools/bin/../lib/gcc/arm-none-eabi/10.3.1/../../../../arm-none-eabi/lib/thumb/v7e-m+fp/hard\libc_nano.a
LOAD c:/st/stm32cubeide_1.12.0/stm32cubeide/plugins/com.st.stm32cube.ide.mcu.externaltools.gnu-tools-for-stm32.10.3-2021.10.win32_1.0.200.202301161003/tools/bin/../lib/gcc/arm-none-eabi/10.3.1/../../../../arm-none-eabi/lib/thumb/v7e-m+fp/hard\libnosys.a
END GROUP
START GROUP
LOAD c:/st/stm32cubeide_1.12.0/stm32cubeide/plugins/com.st.stm32cube.ide.mcu.externaltools.gnu-tools-for-stm32.10.3-2021.10.win32_1.0.200.202301161003/tools/bin/../lib/gcc/arm-none-eabi/10.3.1/thumb/v7e-m+fp/hard\libgcc.a
LOAD c:/st/stm32cubeide_1.12.0/stm32cubeide/plugins/com.st.stm32cube.ide.mcu.externaltools.gnu-tools-for-stm32.10.3-2021.10.win32_1.0.200.202301161003/tools/bin/../lib/gcc/arm-none-eabi/10.3.1/../../../../arm-none-eabi/lib/thumb/v7e-m+fp/hard\libc_nano.a
LOAD c:/st/stm32cubeide_1.12.0/stm32cubeide/plugins/com.st.stm32cube.ide.mcu.externaltools.gnu-tools-for-stm32.10.3-2021.10.win32_1.0.200.202301161003/tools/bin/../lib/gcc/arm-none-eabi/10.3.1/../../../../arm-none-eabi/lib/thumb/v7e-m+fp/hard\libnosys.a
END GROUP
LOAD c:/st/stm32cubeide_1.12.0/stm32cubeide/plugins/com.st.stm32cube.ide.mcu.externaltools.gnu-tools-for-stm32.10.3-2021.10.win32_1.0.200.202301161003/tools/bin/../lib/gcc/arm-none-eabi/10.3.1/thumb/v7e-m+fp/hard/crtend.o
LOAD c:/st/stm32cubeide_1.12.0/stm32cubeide/plugins/com.st.stm32cube.ide.mcu.externaltools.gnu-tools-for-stm32.10.3-2021.10.win32_1.0.200.202301161003/tools/bin/../lib/gcc/arm-none-eabi/10.3.1/thumb/v7e-m+fp/hard/crtn.o
                0x0000000020050000                _estack = (ORIGIN (RAM) + LENGTH (RAM))
                0x0000000000000200                _Min_Heap_Size = 0x200
                0x0000000000000400                _Min_Stack_Size = 0x400

.isr_vector     0x0000000008000000      0x1ac
                0x0000000008000000                . = ALIGN (0x4)
 *(.isr_vector)
 .isr_vector    0x0000000008000000      0x1ac ./Core/Startup/startup_stm32l4a6zgtx.o
                0x0000000008000000                g_pfnVectors
                0x00000000080001ac                . = ALIGN (0x4)

.text           0x00000000080001b0     0x2154
                0x00000000080001b0                . = ALIGN (0x4)
 *(.text)
 .text          0x00000000080001b0       0x40 c:/st/stm32cubeide_1.12.0/stm32cubeide/plugins/com.st.stm32cube.ide.mcu.externaltools.gnu-tools-for-stm32.10.3-2021.10.win32_1.0.200.202301161003/tools/bin/../lib/gcc/arm-none-eabi/10.3.1/thumb/v7e-m+fp/hard/crtbegin.o
 .text          0x00000000080001f0       0xa0 c:/st/stm32cubeide_1.12.0/stm32cubeide/plugins/com.st.stm32cube.ide.mcu.externaltools.gnu-tools-for-stm32.10.3-2021.10.win32_1.0.200.202301161003/tools/bin/../lib/gcc/arm-none-eabi/10.3.1/../../../../arm-none-eabi/lib/thumb/v7e-m+fp/hard\libc_nano.a(lib_a-memchr.o)
                0x00000000080001f0                memchr
 *(.text*)
 .text.ADC_init
                0x0000000008000290      0x144 ./Core/Src/ADC.o
                0x0000000008000290                ADC_init
 .text.ADC_triggerNewVal
                0x00000000080003d4       0x20 ./Core/Src/ADC.o
                0x00000000080003d4                ADC_triggerNewVal
 .text.ADC1_2_IRQHandler
                0x00000000080003f4       0x44 ./Core/Src/ADC.o
                0x00000000080003f4                ADC1_2_IRQHandler
 .text.delay_us
                0x0000000008000438       0x5c ./Core/Src/delay.o
                0x0000000008000438                delay_us
 .text.main     0x0000000008000494       0x70 ./Core/Src/main.o
                0x0000000008000494                main
 .text.SystemClock_Config
                0x0000000008000504       0x8c ./Core/Src/main.o
                0x0000000008000504                SystemClock_Config
 .text.Error_Handler
                0x0000000008000590        0xa ./Core/Src/main.o
                0x0000000008000590                Error_Handler
 *fill*         0x000000000800059a        0x2 
 .text.HAL_MspInit
                0x000000000800059c       0x48 ./Core/Src/stm32l4xx_hal_msp.o
                0x000000000800059c                HAL_MspInit
 .text.NMI_Handler
                0x00000000080005e4        0x6 ./Core/Src/stm32l4xx_it.o
                0x00000000080005e4                NMI_Handler
 .text.HardFault_Handler
                0x00000000080005ea        0x6 ./Core/Src/stm32l4xx_it.o
                0x00000000080005ea                HardFault_Handler
 .text.MemManage_Handler
                0x00000000080005f0        0x6 ./Core/Src/stm32l4xx_it.o
                0x00000000080005f0                MemManage_Handler
 .text.BusFault_Handler
                0x00000000080005f6        0x6 ./Core/Src/stm32l4xx_it.o
                0x00000000080005f6                BusFault_Handler
 .text.UsageFault_Handler
                0x00000000080005fc        0x6 ./Core/Src/stm32l4xx_it.o
                0x00000000080005fc                UsageFault_Handler
 .text.SVC_Handler
                0x0000000008000602        0xe ./Core/Src/stm32l4xx_it.o
                0x0000000008000602                SVC_Handler
 .text.DebugMon_Handler
                0x0000000008000610        0xe ./Core/Src/stm32l4xx_it.o
                0x0000000008000610                DebugMon_Handler
 .text.PendSV_Handler
                0x000000000800061e        0xe ./Core/Src/stm32l4xx_it.o
                0x000000000800061e                PendSV_Handler
 .text.SysTick_Handler
                0x000000000800062c        0xc ./Core/Src/stm32l4xx_it.o
                0x000000000800062c                SysTick_Handler
 .text._sbrk    0x0000000008000638       0x6c ./Core/Src/sysmem.o
                0x0000000008000638                _sbrk
 .text.SystemInit
                0x00000000080006a4       0x24 ./Core/Src/system_stm32l4xx.o
                0x00000000080006a4                SystemInit
 .text.LPUART_init
                0x00000000080006c8      0x100 ./Core/Src/uart.o
                0x00000000080006c8                LPUART_init
 .text.LPUART_print
                0x00000000080007c8       0x50 ./Core/Src/uart.o
                0x00000000080007c8                LPUART_print
 .text.LPUART_printESC
                0x0000000008000818       0x2c ./Core/Src/uart.o
                0x0000000008000818                LPUART_printESC
 .text.LPUART1_IRQHandler
                0x0000000008000844       0xc8 ./Core/Src/uart.o
                0x0000000008000844                LPUART1_IRQHandler
 .text.LPUART_moveCursor
                0x000000000800090c       0x5c ./Core/Src/uart.o
                0x000000000800090c                LPUART_moveCursor
 .text.LPUART_resetCursor
                0x0000000008000968       0x14 ./Core/Src/uart.o
                0x0000000008000968                LPUART_resetCursor
 .text.LPUART_clearScreen
                0x000000000800097c       0x14 ./Core/Src/uart.o
                0x000000000800097c                LPUART_clearScreen
 .text.LPUART_setTextColor
                0x0000000008000990       0x40 ./Core/Src/uart.o
                0x0000000008000990                LPUART_setTextColor
 .text.Reset_Handler
                0x00000000080009d0       0x50 ./Core/Startup/startup_stm32l4a6zgtx.o
                0x00000000080009d0                Reset_Handler
 .text.Default_Handler
                0x0000000008000a20        0x2 ./Core/Startup/startup_stm32l4a6zgtx.o
                0x0000000008000a20                RTC_Alarm_IRQHandler
                0x0000000008000a20                HASH_RNG_IRQHandler
                0x0000000008000a20                EXTI2_IRQHandler
                0x0000000008000a20                TIM8_TRG_COM_IRQHandler
                0x0000000008000a20                TIM8_CC_IRQHandler
                0x0000000008000a20                TIM1_CC_IRQHandler
                0x0000000008000a20                TSC_IRQHandler
                0x0000000008000a20                TAMP_STAMP_IRQHandler
                0x0000000008000a20                CAN2_RX1_IRQHandler
                0x0000000008000a20                EXTI3_IRQHandler
                0x0000000008000a20                LPTIM2_IRQHandler
                0x0000000008000a20                DFSDM1_FLT1_IRQHandler
                0x0000000008000a20                I2C3_ER_IRQHandler
                0x0000000008000a20                DFSDM1_FLT2_IRQHandler
                0x0000000008000a20                EXTI0_IRQHandler
                0x0000000008000a20                I2C2_EV_IRQHandler
                0x0000000008000a20                CAN1_RX0_IRQHandler
                0x0000000008000a20                FPU_IRQHandler
                0x0000000008000a20                TIM1_UP_TIM16_IRQHandler
                0x0000000008000a20                CAN2_SCE_IRQHandler
                0x0000000008000a20                SPI1_IRQHandler
                0x0000000008000a20                TIM6_DAC_IRQHandler
                0x0000000008000a20                DCMI_IRQHandler
                0x0000000008000a20                CAN2_RX0_IRQHandler
                0x0000000008000a20                TIM8_UP_IRQHandler
                0x0000000008000a20                DMA2_Channel2_IRQHandler
                0x0000000008000a20                DMA1_Channel4_IRQHandler
                0x0000000008000a20                SAI2_IRQHandler
                0x0000000008000a20                DFSDM1_FLT3_IRQHandler
                0x0000000008000a20                USART3_IRQHandler
                0x0000000008000a20                DMA1_Channel7_IRQHandler
                0x0000000008000a20                CAN1_RX1_IRQHandler
                0x0000000008000a20                LCD_IRQHandler
                0x0000000008000a20                UART5_IRQHandler
                0x0000000008000a20                ADC3_IRQHandler
                0x0000000008000a20                TIM4_IRQHandler
                0x0000000008000a20                DMA2_Channel1_IRQHandler
                0x0000000008000a20                QUADSPI_IRQHandler
                0x0000000008000a20                I2C1_EV_IRQHandler
                0x0000000008000a20                DMA1_Channel6_IRQHandler
                0x0000000008000a20                UART4_IRQHandler
                0x0000000008000a20                DMA2_Channel4_IRQHandler
                0x0000000008000a20                TIM3_IRQHandler
                0x0000000008000a20                RCC_IRQHandler
                0x0000000008000a20                DMA1_Channel1_IRQHandler
                0x0000000008000a20                Default_Handler
                0x0000000008000a20                DMA2_Channel7_IRQHandler
                0x0000000008000a20                EXTI15_10_IRQHandler
                0x0000000008000a20                TIM7_IRQHandler
                0x0000000008000a20                SDMMC1_IRQHandler
                0x0000000008000a20                CAN2_TX_IRQHandler
                0x0000000008000a20                TIM5_IRQHandler
                0x0000000008000a20                I2C3_EV_IRQHandler
                0x0000000008000a20                EXTI9_5_IRQHandler
                0x0000000008000a20                RTC_WKUP_IRQHandler
                0x0000000008000a20                PVD_PVM_IRQHandler
                0x0000000008000a20                SPI2_IRQHandler
                0x0000000008000a20                CAN1_TX_IRQHandler
                0x0000000008000a20                DMA2_Channel5_IRQHandler
                0x0000000008000a20                CRS_IRQHandler
                0x0000000008000a20                DMA1_Channel5_IRQHandler
                0x0000000008000a20                EXTI4_IRQHandler
                0x0000000008000a20                TIM1_TRG_COM_TIM17_IRQHandler
                0x0000000008000a20                DMA1_Channel3_IRQHandler
                0x0000000008000a20                COMP_IRQHandler
                0x0000000008000a20                WWDG_IRQHandler
                0x0000000008000a20                I2C4_EV_IRQHandler
                0x0000000008000a20                DMA2_Channel6_IRQHandler
                0x0000000008000a20                TIM2_IRQHandler
                0x0000000008000a20                DMA2D_IRQHandler
                0x0000000008000a20                EXTI1_IRQHandler
                0x0000000008000a20                AES_IRQHandler
                0x0000000008000a20                USART2_IRQHandler
                0x0000000008000a20                DFSDM1_FLT0_IRQHandler
                0x0000000008000a20                I2C2_ER_IRQHandler
                0x0000000008000a20                DMA1_Channel2_IRQHandler
                0x0000000008000a20                TIM8_BRK_IRQHandler
                0x0000000008000a20                CAN1_SCE_IRQHandler
                0x0000000008000a20                FLASH_IRQHandler
                0x0000000008000a20                USART1_IRQHandler
                0x0000000008000a20                OTG_FS_IRQHandler
                0x0000000008000a20                SPI3_IRQHandler
                0x0000000008000a20                I2C1_ER_IRQHandler
                0x0000000008000a20                FMC_IRQHandler
                0x0000000008000a20                SWPMI1_IRQHandler
                0x0000000008000a20                LPTIM1_IRQHandler
                0x0000000008000a20                I2C4_ER_IRQHandler
                0x0000000008000a20                SAI1_IRQHandler
                0x0000000008000a20                DMA2_Channel3_IRQHandler
                0x0000000008000a20                TIM1_BRK_TIM15_IRQHandler
 .text.HAL_Init
                0x0000000008000a22       0x30 ./Drivers/STM32L4xx_HAL_Driver/Src/stm32l4xx_hal.o
                0x0000000008000a22                HAL_Init
 *fill*         0x0000000008000a52        0x2 
 .text.HAL_InitTick
                0x0000000008000a54       0x78 ./Drivers/STM32L4xx_HAL_Driver/Src/stm32l4xx_hal.o
                0x0000000008000a54                HAL_InitTick
 .text.HAL_IncTick
                0x0000000008000acc       0x28 ./Drivers/STM32L4xx_HAL_Driver/Src/stm32l4xx_hal.o
                0x0000000008000acc                HAL_IncTick
 .text.HAL_GetTick
                0x0000000008000af4       0x18 ./Drivers/STM32L4xx_HAL_Driver/Src/stm32l4xx_hal.o
                0x0000000008000af4                HAL_GetTick
 .text.__NVIC_SetPriorityGrouping
                0x0000000008000b0c       0x48 ./Drivers/STM32L4xx_HAL_Driver/Src/stm32l4xx_hal_cortex.o
 .text.__NVIC_GetPriorityGrouping
                0x0000000008000b54       0x1c ./Drivers/STM32L4xx_HAL_Driver/Src/stm32l4xx_hal_cortex.o
 .text.__NVIC_SetPriority
                0x0000000008000b70       0x54 ./Drivers/STM32L4xx_HAL_Driver/Src/stm32l4xx_hal_cortex.o
 .text.NVIC_EncodePriority
                0x0000000008000bc4       0x66 ./Drivers/STM32L4xx_HAL_Driver/Src/stm32l4xx_hal_cortex.o
 *fill*         0x0000000008000c2a        0x2 
 .text.SysTick_Config
                0x0000000008000c2c       0x44 ./Drivers/STM32L4xx_HAL_Driver/Src/stm32l4xx_hal_cortex.o
 .text.HAL_NVIC_SetPriorityGrouping
                0x0000000008000c70       0x16 ./Drivers/STM32L4xx_HAL_Driver/Src/stm32l4xx_hal_cortex.o
                0x0000000008000c70                HAL_NVIC_SetPriorityGrouping
 .text.HAL_NVIC_SetPriority
                0x0000000008000c86       0x38 ./Drivers/STM32L4xx_HAL_Driver/Src/stm32l4xx_hal_cortex.o
                0x0000000008000c86                HAL_NVIC_SetPriority
 .text.HAL_SYSTICK_Config
                0x0000000008000cbe       0x18 ./Drivers/STM32L4xx_HAL_Driver/Src/stm32l4xx_hal_cortex.o
                0x0000000008000cbe                HAL_SYSTICK_Config
 *fill*         0x0000000008000cd6        0x2 
 .text.HAL_PWREx_GetVoltageRange
                0x0000000008000cd8       0x1c ./Drivers/STM32L4xx_HAL_Driver/Src/stm32l4xx_hal_pwr_ex.o
                0x0000000008000cd8                HAL_PWREx_GetVoltageRange
 .text.HAL_PWREx_ControlVoltageScaling
                0x0000000008000cf4       0xac ./Drivers/STM32L4xx_HAL_Driver/Src/stm32l4xx_hal_pwr_ex.o
                0x0000000008000cf4                HAL_PWREx_ControlVoltageScaling
 .text.HAL_RCC_OscConfig
                0x0000000008000da0      0x834 ./Drivers/STM32L4xx_HAL_Driver/Src/stm32l4xx_hal_rcc.o
                0x0000000008000da0                HAL_RCC_OscConfig
 .text.HAL_RCC_ClockConfig
                0x00000000080015d4      0x200 ./Drivers/STM32L4xx_HAL_Driver/Src/stm32l4xx_hal_rcc.o
                0x00000000080015d4                HAL_RCC_ClockConfig
 .text.HAL_RCC_GetSysClockFreq
                0x00000000080017d4      0x118 ./Drivers/STM32L4xx_HAL_Driver/Src/stm32l4xx_hal_rcc.o
                0x00000000080017d4                HAL_RCC_GetSysClockFreq
 .text.RCC_SetFlashLatencyFromMSIRange
                0x00000000080018ec       0xc0 ./Drivers/STM32L4xx_HAL_Driver/Src/stm32l4xx_hal_rcc.o
 .text.__errno  0x00000000080019ac        0xc c:/st/stm32cubeide_1.12.0/stm32cubeide/plugins/com.st.stm32cube.ide.mcu.externaltools.gnu-tools-for-stm32.10.3-2021.10.win32_1.0.200.202301161003/tools/bin/../lib/gcc/arm-none-eabi/10.3.1/../../../../arm-none-eabi/lib/thumb/v7e-m+fp/hard\libc_nano.a(lib_a-errno.o)
                0x00000000080019ac                __errno
 .text.__libc_init_array
                0x00000000080019b8       0x48 c:/st/stm32cubeide_1.12.0/stm32cubeide/plugins/com.st.stm32cube.ide.mcu.externaltools.gnu-tools-for-stm32.10.3-2021.10.win32_1.0.200.202301161003/tools/bin/../lib/gcc/arm-none-eabi/10.3.1/../../../../arm-none-eabi/lib/thumb/v7e-m+fp/hard\libc_nano.a(lib_a-init.o)
                0x00000000080019b8                __libc_init_array
 .text.memset   0x0000000008001a00       0x10 c:/st/stm32cubeide_1.12.0/stm32cubeide/plugins/com.st.stm32cube.ide.mcu.externaltools.gnu-tools-for-stm32.10.3-2021.10.win32_1.0.200.202301161003/tools/bin/../lib/gcc/arm-none-eabi/10.3.1/../../../../arm-none-eabi/lib/thumb/v7e-m+fp/hard\libc_nano.a(lib_a-memset.o)
                0x0000000008001a00                memset
 .text.sprintf  0x0000000008001a10       0x40 c:/st/stm32cubeide_1.12.0/stm32cubeide/plugins/com.st.stm32cube.ide.mcu.externaltools.gnu-tools-for-stm32.10.3-2021.10.win32_1.0.200.202301161003/tools/bin/../lib/gcc/arm-none-eabi/10.3.1/../../../../arm-none-eabi/lib/thumb/v7e-m+fp/hard\libc_nano.a(lib_a-sprintf.o)
                0x0000000008001a10                siprintf
                0x0000000008001a10                sprintf
 .text.__ssputs_r
                0x0000000008001a50       0xb6 c:/st/stm32cubeide_1.12.0/stm32cubeide/plugins/com.st.stm32cube.ide.mcu.externaltools.gnu-tools-for-stm32.10.3-2021.10.win32_1.0.200.202301161003/tools/bin/../lib/gcc/arm-none-eabi/10.3.1/../../../../arm-none-eabi/lib/thumb/v7e-m+fp/hard\libc_nano.a(lib_a-nano-svfprintf.o)
                0x0000000008001a50                __ssputs_r
 *fill*         0x0000000008001b06        0x2 
 .text._svfprintf_r
                0x0000000008001b08      0x200 c:/st/stm32cubeide_1.12.0/stm32cubeide/plugins/com.st.stm32cube.ide.mcu.externaltools.gnu-tools-for-stm32.10.3-2021.10.win32_1.0.200.202301161003/tools/bin/../lib/gcc/arm-none-eabi/10.3.1/../../../../arm-none-eabi/lib/thumb/v7e-m+fp/hard\libc_nano.a(lib_a-nano-svfprintf.o)
                0x0000000008001b08                _svfiprintf_r
                0x0000000008001b08                _svfprintf_r
 .text._printf_common
                0x0000000008001d08       0xda c:/st/stm32cubeide_1.12.0/stm32cubeide/plugins/com.st.stm32cube.ide.mcu.externaltools.gnu-tools-for-stm32.10.3-2021.10.win32_1.0.200.202301161003/tools/bin/../lib/gcc/arm-none-eabi/10.3.1/../../../../arm-none-eabi/lib/thumb/v7e-m+fp/hard\libc_nano.a(lib_a-nano-vfprintf_i.o)
                0x0000000008001d08                _printf_common
 *fill*         0x0000000008001de2        0x2 
 .text._printf_i
                0x0000000008001de4      0x24c c:/st/stm32cubeide_1.12.0/stm32cubeide/plugins/com.st.stm32cube.ide.mcu.externaltools.gnu-tools-for-stm32.10.3-2021.10.win32_1.0.200.202301161003/tools/bin/../lib/gcc/arm-none-eabi/10.3.1/../../../../arm-none-eabi/lib/thumb/v7e-m+fp/hard\libc_nano.a(lib_a-nano-vfprintf_i.o)
                0x0000000008001de4                _printf_i
 .text.memcpy   0x0000000008002030       0x1c c:/st/stm32cubeide_1.12.0/stm32cubeide/plugins/com.st.stm32cube.ide.mcu.externaltools.gnu-tools-for-stm32.10.3-2021.10.win32_1.0.200.202301161003/tools/bin/../lib/gcc/arm-none-eabi/10.3.1/../../../../arm-none-eabi/lib/thumb/v7e-m+fp/hard\libc_nano.a(lib_a-memcpy-stub.o)
                0x0000000008002030                memcpy
 .text.memmove  0x000000000800204c       0x34 c:/st/stm32cubeide_1.12.0/stm32cubeide/plugins/com.st.stm32cube.ide.mcu.externaltools.gnu-tools-for-stm32.10.3-2021.10.win32_1.0.200.202301161003/tools/bin/../lib/gcc/arm-none-eabi/10.3.1/../../../../arm-none-eabi/lib/thumb/v7e-m+fp/hard\libc_nano.a(lib_a-memmove.o)
                0x000000000800204c                memmove
 .text._free_r  0x0000000008002080       0x98 c:/st/stm32cubeide_1.12.0/stm32cubeide/plugins/com.st.stm32cube.ide.mcu.externaltools.gnu-tools-for-stm32.10.3-2021.10.win32_1.0.200.202301161003/tools/bin/../lib/gcc/arm-none-eabi/10.3.1/../../../../arm-none-eabi/lib/thumb/v7e-m+fp/hard\libc_nano.a(lib_a-nano-freer.o)
                0x0000000008002080                _free_r
 .text.sbrk_aligned
                0x0000000008002118       0x40 c:/st/stm32cubeide_1.12.0/stm32cubeide/plugins/com.st.stm32cube.ide.mcu.externaltools.gnu-tools-for-stm32.10.3-2021.10.win32_1.0.200.202301161003/tools/bin/../lib/gcc/arm-none-eabi/10.3.1/../../../../arm-none-eabi/lib/thumb/v7e-m+fp/hard\libc_nano.a(lib_a-nano-mallocr.o)
 .text._malloc_r
                0x0000000008002158       0xe8 c:/st/stm32cubeide_1.12.0/stm32cubeide/plugins/com.st.stm32cube.ide.mcu.externaltools.gnu-tools-for-stm32.10.3-2021.10.win32_1.0.200.202301161003/tools/bin/../lib/gcc/arm-none-eabi/10.3.1/../../../../arm-none-eabi/lib/thumb/v7e-m+fp/hard\libc_nano.a(lib_a-nano-mallocr.o)
                0x0000000008002158                _malloc_r
 .text._realloc_r
                0x0000000008002240       0x5e c:/st/stm32cubeide_1.12.0/stm32cubeide/plugins/com.st.stm32cube.ide.mcu.externaltools.gnu-tools-for-stm32.10.3-2021.10.win32_1.0.200.202301161003/tools/bin/../lib/gcc/arm-none-eabi/10.3.1/../../../../arm-none-eabi/lib/thumb/v7e-m+fp/hard\libc_nano.a(lib_a-nano-reallocr.o)
                0x0000000008002240                _realloc_r
 *fill*         0x000000000800229e        0x2 
 .text._sbrk_r  0x00000000080022a0       0x20 c:/st/stm32cubeide_1.12.0/stm32cubeide/plugins/com.st.stm32cube.ide.mcu.externaltools.gnu-tools-for-stm32.10.3-2021.10.win32_1.0.200.202301161003/tools/bin/../lib/gcc/arm-none-eabi/10.3.1/../../../../arm-none-eabi/lib/thumb/v7e-m+fp/hard\libc_nano.a(lib_a-sbrkr.o)
                0x00000000080022a0                _sbrk_r
 .text.__malloc_lock
                0x00000000080022c0        0xc c:/st/stm32cubeide_1.12.0/stm32cubeide/plugins/com.st.stm32cube.ide.mcu.externaltools.gnu-tools-for-stm32.10.3-2021.10.win32_1.0.200.202301161003/tools/bin/../lib/gcc/arm-none-eabi/10.3.1/../../../../arm-none-eabi/lib/thumb/v7e-m+fp/hard\libc_nano.a(lib_a-mlock.o)
                0x00000000080022c0                __malloc_lock
 .text.__malloc_unlock
                0x00000000080022cc        0xc c:/st/stm32cubeide_1.12.0/stm32cubeide/plugins/com.st.stm32cube.ide.mcu.externaltools.gnu-tools-for-stm32.10.3-2021.10.win32_1.0.200.202301161003/tools/bin/../lib/gcc/arm-none-eabi/10.3.1/../../../../arm-none-eabi/lib/thumb/v7e-m+fp/hard\libc_nano.a(lib_a-mlock.o)
                0x00000000080022cc                __malloc_unlock
 .text._malloc_usable_size_r
                0x00000000080022d8       0x10 c:/st/stm32cubeide_1.12.0/stm32cubeide/plugins/com.st.stm32cube.ide.mcu.externaltools.gnu-tools-for-stm32.10.3-2021.10.win32_1.0.200.202301161003/tools/bin/../lib/gcc/arm-none-eabi/10.3.1/../../../../arm-none-eabi/lib/thumb/v7e-m+fp/hard\libc_nano.a(lib_a-nano-msizer.o)
                0x00000000080022d8                _malloc_usable_size_r
 .text.__retarget_lock_acquire_recursive
                0x00000000080022e8        0x2 c:/st/stm32cubeide_1.12.0/stm32cubeide/plugins/com.st.stm32cube.ide.mcu.externaltools.gnu-tools-for-stm32.10.3-2021.10.win32_1.0.200.202301161003/tools/bin/../lib/gcc/arm-none-eabi/10.3.1/../../../../arm-none-eabi/lib/thumb/v7e-m+fp/hard\libc_nano.a(lib_a-lock.o)
                0x00000000080022e8                __retarget_lock_acquire_recursive
 .text.__retarget_lock_release_recursive
                0x00000000080022ea        0x2 c:/st/stm32cubeide_1.12.0/stm32cubeide/plugins/com.st.stm32cube.ide.mcu.externaltools.gnu-tools-for-stm32.10.3-2021.10.win32_1.0.200.202301161003/tools/bin/../lib/gcc/arm-none-eabi/10.3.1/../../../../arm-none-eabi/lib/thumb/v7e-m+fp/hard\libc_nano.a(lib_a-lock.o)
                0x00000000080022ea                __retarget_lock_release_recursive
 *(.glue_7)
 .glue_7        0x00000000080022ec        0x0 linker stubs
 *(.glue_7t)
 .glue_7t       0x00000000080022ec        0x0 linker stubs
 *(.eh_frame)
 .eh_frame      0x00000000080022ec        0x0 c:/st/stm32cubeide_1.12.0/stm32cubeide/plugins/com.st.stm32cube.ide.mcu.externaltools.gnu-tools-for-stm32.10.3-2021.10.win32_1.0.200.202301161003/tools/bin/../lib/gcc/arm-none-eabi/10.3.1/thumb/v7e-m+fp/hard/crtbegin.o
 *(.init)
 .init          0x00000000080022ec        0x4 c:/st/stm32cubeide_1.12.0/stm32cubeide/plugins/com.st.stm32cube.ide.mcu.externaltools.gnu-tools-for-stm32.10.3-2021.10.win32_1.0.200.202301161003/tools/bin/../lib/gcc/arm-none-eabi/10.3.1/thumb/v7e-m+fp/hard/crti.o
                0x00000000080022ec                _init
 .init          0x00000000080022f0        0x8 c:/st/stm32cubeide_1.12.0/stm32cubeide/plugins/com.st.stm32cube.ide.mcu.externaltools.gnu-tools-for-stm32.10.3-2021.10.win32_1.0.200.202301161003/tools/bin/../lib/gcc/arm-none-eabi/10.3.1/thumb/v7e-m+fp/hard/crtn.o
 *(.fini)
 .fini          0x00000000080022f8        0x4 c:/st/stm32cubeide_1.12.0/stm32cubeide/plugins/com.st.stm32cube.ide.mcu.externaltools.gnu-tools-for-stm32.10.3-2021.10.win32_1.0.200.202301161003/tools/bin/../lib/gcc/arm-none-eabi/10.3.1/thumb/v7e-m+fp/hard/crti.o
                0x00000000080022f8                _fini
 .fini          0x00000000080022fc        0x8 c:/st/stm32cubeide_1.12.0/stm32cubeide/plugins/com.st.stm32cube.ide.mcu.externaltools.gnu-tools-for-stm32.10.3-2021.10.win32_1.0.200.202301161003/tools/bin/../lib/gcc/arm-none-eabi/10.3.1/thumb/v7e-m+fp/hard/crtn.o
                0x0000000008002304                . = ALIGN (0x4)
                0x0000000008002304                _etext = .

.vfp11_veneer   0x0000000008002304        0x0
 .vfp11_veneer  0x0000000008002304        0x0 linker stubs

.v4_bx          0x0000000008002304        0x0
 .v4_bx         0x0000000008002304        0x0 linker stubs

.iplt           0x0000000008002304        0x0
 .iplt          0x0000000008002304        0x0 c:/st/stm32cubeide_1.12.0/stm32cubeide/plugins/com.st.stm32cube.ide.mcu.externaltools.gnu-tools-for-stm32.10.3-2021.10.win32_1.0.200.202301161003/tools/bin/../lib/gcc/arm-none-eabi/10.3.1/thumb/v7e-m+fp/hard/crtbegin.o

.rodata         0x0000000008002304       0xd8
                0x0000000008002304                . = ALIGN (0x4)
 *(.rodata)
 .rodata        0x0000000008002304       0x2b ./Core/Src/main.o
 *fill*         0x000000000800232f        0x1 
 .rodata        0x0000000008002330       0x36 ./Core/Src/uart.o
 *(.rodata*)
 *fill*         0x0000000008002366        0x2 
 .rodata.AHBPrescTable
                0x0000000008002368       0x10 ./Core/Src/system_stm32l4xx.o
                0x0000000008002368                AHBPrescTable
 .rodata.MSIRangeTable
                0x0000000008002378       0x30 ./Core/Src/system_stm32l4xx.o
                0x0000000008002378                MSIRangeTable
 .rodata._svfprintf_r.str1.1
                0x00000000080023a8       0x11 c:/st/stm32cubeide_1.12.0/stm32cubeide/plugins/com.st.stm32cube.ide.mcu.externaltools.gnu-tools-for-stm32.10.3-2021.10.win32_1.0.200.202301161003/tools/bin/../lib/gcc/arm-none-eabi/10.3.1/../../../../arm-none-eabi/lib/thumb/v7e-m+fp/hard\libc_nano.a(lib_a-nano-svfprintf.o)
 .rodata._printf_i.str1.1
                0x00000000080023b9       0x22 c:/st/stm32cubeide_1.12.0/stm32cubeide/plugins/com.st.stm32cube.ide.mcu.externaltools.gnu-tools-for-stm32.10.3-2021.10.win32_1.0.200.202301161003/tools/bin/../lib/gcc/arm-none-eabi/10.3.1/../../../../arm-none-eabi/lib/thumb/v7e-m+fp/hard\libc_nano.a(lib_a-nano-vfprintf_i.o)
                0x00000000080023dc                . = ALIGN (0x4)
 *fill*         0x00000000080023db        0x1 

.rel.dyn        0x00000000080023dc        0x0
 .rel.iplt      0x00000000080023dc        0x0 c:/st/stm32cubeide_1.12.0/stm32cubeide/plugins/com.st.stm32cube.ide.mcu.externaltools.gnu-tools-for-stm32.10.3-2021.10.win32_1.0.200.202301161003/tools/bin/../lib/gcc/arm-none-eabi/10.3.1/thumb/v7e-m+fp/hard/crtbegin.o

.ARM.extab      0x00000000080023dc        0x0
                0x00000000080023dc                . = ALIGN (0x4)
 *(.ARM.extab* .gnu.linkonce.armextab.*)
                0x00000000080023dc                . = ALIGN (0x4)

.ARM            0x00000000080023dc        0x0
                0x00000000080023dc                . = ALIGN (0x4)
                0x00000000080023dc                __exidx_start = .
 *(.ARM.exidx*)
                0x00000000080023dc                __exidx_end = .
                0x00000000080023dc                . = ALIGN (0x4)

.preinit_array  0x00000000080023dc        0x0
                0x00000000080023dc                . = ALIGN (0x4)
                0x00000000080023dc                PROVIDE (__preinit_array_start = .)
 *(.preinit_array*)
                0x00000000080023dc                PROVIDE (__preinit_array_end = .)
                0x00000000080023dc                . = ALIGN (0x4)

.init_array     0x00000000080023dc        0x4
                0x00000000080023dc                . = ALIGN (0x4)
                0x00000000080023dc                PROVIDE (__init_array_start = .)
 *(SORT_BY_NAME(.init_array.*))
 *(.init_array*)
 .init_array    0x00000000080023dc        0x4 c:/st/stm32cubeide_1.12.0/stm32cubeide/plugins/com.st.stm32cube.ide.mcu.externaltools.gnu-tools-for-stm32.10.3-2021.10.win32_1.0.200.202301161003/tools/bin/../lib/gcc/arm-none-eabi/10.3.1/thumb/v7e-m+fp/hard/crtbegin.o
                0x00000000080023e0                PROVIDE (__init_array_end = .)
                0x00000000080023e0                . = ALIGN (0x4)

.fini_array     0x00000000080023e0        0x4
                0x00000000080023e0                . = ALIGN (0x4)
                [!provide]                        PROVIDE (__fini_array_start = .)
 *(SORT_BY_NAME(.fini_array.*))
 *(.fini_array*)
 .fini_array    0x00000000080023e0        0x4 c:/st/stm32cubeide_1.12.0/stm32cubeide/plugins/com.st.stm32cube.ide.mcu.externaltools.gnu-tools-for-stm32.10.3-2021.10.win32_1.0.200.202301161003/tools/bin/../lib/gcc/arm-none-eabi/10.3.1/thumb/v7e-m+fp/hard/crtbegin.o
                [!provide]                        PROVIDE (__fini_array_end = .)
                0x00000000080023e4                . = ALIGN (0x4)
                0x00000000080023e4                _sidata = LOADADDR (.data)

.data           0x0000000020000000       0x74 load address 0x00000000080023e4
                0x0000000020000000                . = ALIGN (0x4)
                0x0000000020000000                _sdata = .
 *(.data)
 *(.data*)
 .data.ADC_lastVal
                0x0000000020000000        0x4 ./Core/Src/ADC.o
                0x0000000020000000                ADC_lastVal
 .data.SystemCoreClock
                0x0000000020000004        0x4 ./Core/Src/system_stm32l4xx.o
                0x0000000020000004                SystemCoreClock
 .data.uwTickPrio
                0x0000000020000008        0x4 ./Drivers/STM32L4xx_HAL_Driver/Src/stm32l4xx_hal.o
                0x0000000020000008                uwTickPrio
 .data.uwTickFreq
                0x000000002000000c        0x1 ./Drivers/STM32L4xx_HAL_Driver/Src/stm32l4xx_hal.o
                0x000000002000000c                uwTickFreq
 *fill*         0x000000002000000d        0x3 
 .data._impure_ptr
                0x0000000020000010        0x4 c:/st/stm32cubeide_1.12.0/stm32cubeide/plugins/com.st.stm32cube.ide.mcu.externaltools.gnu-tools-for-stm32.10.3-2021.10.win32_1.0.200.202301161003/tools/bin/../lib/gcc/arm-none-eabi/10.3.1/../../../../arm-none-eabi/lib/thumb/v7e-m+fp/hard\libc_nano.a(lib_a-impure.o)
                0x0000000020000010                _impure_ptr
 .data.impure_data
                0x0000000020000014       0x60 c:/st/stm32cubeide_1.12.0/stm32cubeide/plugins/com.st.stm32cube.ide.mcu.externaltools.gnu-tools-for-stm32.10.3-2021.10.win32_1.0.200.202301161003/tools/bin/../lib/gcc/arm-none-eabi/10.3.1/../../../../arm-none-eabi/lib/thumb/v7e-m+fp/hard\libc_nano.a(lib_a-impure.o)
 *(.RamFunc)
 *(.RamFunc*)
                0x0000000020000074                . = ALIGN (0x4)
                0x0000000020000074                _edata = .

.igot.plt       0x0000000020000074        0x0 load address 0x0000000008002458
 .igot.plt      0x0000000020000074        0x0 c:/st/stm32cubeide_1.12.0/stm32cubeide/plugins/com.st.stm32cube.ide.mcu.externaltools.gnu-tools-for-stm32.10.3-2021.10.win32_1.0.200.202301161003/tools/bin/../lib/gcc/arm-none-eabi/10.3.1/thumb/v7e-m+fp/hard/crtbegin.o
                0x0000000020000074                . = ALIGN (0x4)

.bss            0x0000000020000074       0x38 load address 0x0000000008002458
                0x0000000020000074                _sbss = .
                0x0000000020000074                __bss_start__ = _sbss
 *(.bss)
 .bss           0x0000000020000074       0x1c c:/st/stm32cubeide_1.12.0/stm32cubeide/plugins/com.st.stm32cube.ide.mcu.externaltools.gnu-tools-for-stm32.10.3-2021.10.win32_1.0.200.202301161003/tools/bin/../lib/gcc/arm-none-eabi/10.3.1/thumb/v7e-m+fp/hard/crtbegin.o
 *(.bss*)
 .bss.ADC_newValFlag
                0x0000000020000090        0x4 ./Core/Src/ADC.o
                0x0000000020000090                ADC_newValFlag
 .bss.__sbrk_heap_end
                0x0000000020000094        0x4 ./Core/Src/sysmem.o
 .bss.uwTick    0x0000000020000098        0x4 ./Drivers/STM32L4xx_HAL_Driver/Src/stm32l4xx_hal.o
                0x0000000020000098                uwTick
 .bss.__malloc_free_list
                0x000000002000009c        0x4 c:/st/stm32cubeide_1.12.0/stm32cubeide/plugins/com.st.stm32cube.ide.mcu.externaltools.gnu-tools-for-stm32.10.3-2021.10.win32_1.0.200.202301161003/tools/bin/../lib/gcc/arm-none-eabi/10.3.1/../../../../arm-none-eabi/lib/thumb/v7e-m+fp/hard\libc_nano.a(lib_a-nano-mallocr.o)
                0x000000002000009c                __malloc_free_list
 .bss.__malloc_sbrk_start
                0x00000000200000a0        0x4 c:/st/stm32cubeide_1.12.0/stm32cubeide/plugins/com.st.stm32cube.ide.mcu.externaltools.gnu-tools-for-stm32.10.3-2021.10.win32_1.0.200.202301161003/tools/bin/../lib/gcc/arm-none-eabi/10.3.1/../../../../arm-none-eabi/lib/thumb/v7e-m+fp/hard\libc_nano.a(lib_a-nano-mallocr.o)
                0x00000000200000a0                __malloc_sbrk_start
 .bss.errno     0x00000000200000a4        0x4 c:/st/stm32cubeide_1.12.0/stm32cubeide/plugins/com.st.stm32cube.ide.mcu.externaltools.gnu-tools-for-stm32.10.3-2021.10.win32_1.0.200.202301161003/tools/bin/../lib/gcc/arm-none-eabi/10.3.1/../../../../arm-none-eabi/lib/thumb/v7e-m+fp/hard\libc_nano.a(lib_a-reent.o)
                0x00000000200000a4                errno
 .bss.__lock___malloc_recursive_mutex
                0x00000000200000a8        0x1 c:/st/stm32cubeide_1.12.0/stm32cubeide/plugins/com.st.stm32cube.ide.mcu.externaltools.gnu-tools-for-stm32.10.3-2021.10.win32_1.0.200.202301161003/tools/bin/../lib/gcc/arm-none-eabi/10.3.1/../../../../arm-none-eabi/lib/thumb/v7e-m+fp/hard\libc_nano.a(lib_a-lock.o)
                0x00000000200000a8                __lock___malloc_recursive_mutex
 *(COMMON)
                0x00000000200000ac                . = ALIGN (0x4)
 *fill*         0x00000000200000a9        0x3 
                0x00000000200000ac                _ebss = .
                0x00000000200000ac                __bss_end__ = _ebss

._user_heap_stack
                0x00000000200000ac      0x604 load address 0x0000000008002458
                0x00000000200000b0                . = ALIGN (0x8)
 *fill*         0x00000000200000ac        0x4 
                [!provide]                        PROVIDE (end = .)
                0x00000000200000b0                PROVIDE (_end = .)
                0x00000000200002b0                . = (. + _Min_Heap_Size)
 *fill*         0x00000000200000b0      0x200 
                0x00000000200006b0                . = (. + _Min_Stack_Size)
 *fill*         0x00000000200002b0      0x400 
                0x00000000200006b0                . = ALIGN (0x8)

/DISCARD/
 libc.a(*)
 libm.a(*)
 libgcc.a(*)

.ARM.attributes
                0x0000000000000000       0x30
 *(.ARM.attributes)
 .ARM.attributes
                0x0000000000000000       0x1e c:/st/stm32cubeide_1.12.0/stm32cubeide/plugins/com.st.stm32cube.ide.mcu.externaltools.gnu-tools-for-stm32.10.3-2021.10.win32_1.0.200.202301161003/tools/bin/../lib/gcc/arm-none-eabi/10.3.1/thumb/v7e-m+fp/hard/crti.o
 .ARM.attributes
                0x000000000000001e       0x34 c:/st/stm32cubeide_1.12.0/stm32cubeide/plugins/com.st.stm32cube.ide.mcu.externaltools.gnu-tools-for-stm32.10.3-2021.10.win32_1.0.200.202301161003/tools/bin/../lib/gcc/arm-none-eabi/10.3.1/thumb/v7e-m+fp/hard/crtbegin.o
 .ARM.attributes
                0x0000000000000052       0x34 ./Core/Src/ADC.o
 .ARM.attributes
                0x0000000000000086       0x34 ./Core/Src/delay.o
 .ARM.attributes
                0x00000000000000ba       0x34 ./Core/Src/main.o
 .ARM.attributes
                0x00000000000000ee       0x34 ./Core/Src/stm32l4xx_hal_msp.o
 .ARM.attributes
                0x0000000000000122       0x34 ./Core/Src/stm32l4xx_it.o
 .ARM.attributes
                0x0000000000000156       0x34 ./Core/Src/sysmem.o
 .ARM.attributes
                0x000000000000018a       0x34 ./Core/Src/system_stm32l4xx.o
 .ARM.attributes
                0x00000000000001be       0x34 ./Core/Src/uart.o
 .ARM.attributes
                0x00000000000001f2       0x21 ./Core/Startup/startup_stm32l4a6zgtx.o
 .ARM.attributes
                0x0000000000000213       0x34 ./Drivers/STM32L4xx_HAL_Driver/Src/stm32l4xx_hal.o
 .ARM.attributes
                0x0000000000000247       0x34 ./Drivers/STM32L4xx_HAL_Driver/Src/stm32l4xx_hal_cortex.o
 .ARM.attributes
                0x000000000000027b       0x34 ./Drivers/STM32L4xx_HAL_Driver/Src/stm32l4xx_hal_pwr_ex.o
 .ARM.attributes
                0x00000000000002af       0x34 ./Drivers/STM32L4xx_HAL_Driver/Src/stm32l4xx_hal_rcc.o
 .ARM.attributes
                0x00000000000002e3       0x34 c:/st/stm32cubeide_1.12.0/stm32cubeide/plugins/com.st.stm32cube.ide.mcu.externaltools.gnu-tools-for-stm32.10.3-2021.10.win32_1.0.200.202301161003/tools/bin/../lib/gcc/arm-none-eabi/10.3.1/../../../../arm-none-eabi/lib/thumb/v7e-m+fp/hard\libc_nano.a(lib_a-errno.o)
 .ARM.attributes
                0x0000000000000317       0x34 c:/st/stm32cubeide_1.12.0/stm32cubeide/plugins/com.st.stm32cube.ide.mcu.externaltools.gnu-tools-for-stm32.10.3-2021.10.win32_1.0.200.202301161003/tools/bin/../lib/gcc/arm-none-eabi/10.3.1/../../../../arm-none-eabi/lib/thumb/v7e-m+fp/hard\libc_nano.a(lib_a-impure.o)
 .ARM.attributes
                0x000000000000034b       0x34 c:/st/stm32cubeide_1.12.0/stm32cubeide/plugins/com.st.stm32cube.ide.mcu.externaltools.gnu-tools-for-stm32.10.3-2021.10.win32_1.0.200.202301161003/tools/bin/../lib/gcc/arm-none-eabi/10.3.1/../../../../arm-none-eabi/lib/thumb/v7e-m+fp/hard\libc_nano.a(lib_a-init.o)
 .ARM.attributes
                0x000000000000037f       0x34 c:/st/stm32cubeide_1.12.0/stm32cubeide/plugins/com.st.stm32cube.ide.mcu.externaltools.gnu-tools-for-stm32.10.3-2021.10.win32_1.0.200.202301161003/tools/bin/../lib/gcc/arm-none-eabi/10.3.1/../../../../arm-none-eabi/lib/thumb/v7e-m+fp/hard\libc_nano.a(lib_a-memset.o)
 .ARM.attributes
                0x00000000000003b3       0x34 c:/st/stm32cubeide_1.12.0/stm32cubeide/plugins/com.st.stm32cube.ide.mcu.externaltools.gnu-tools-for-stm32.10.3-2021.10.win32_1.0.200.202301161003/tools/bin/../lib/gcc/arm-none-eabi/10.3.1/../../../../arm-none-eabi/lib/thumb/v7e-m+fp/hard\libc_nano.a(lib_a-sprintf.o)
 .ARM.attributes
                0x00000000000003e7       0x34 c:/st/stm32cubeide_1.12.0/stm32cubeide/plugins/com.st.stm32cube.ide.mcu.externaltools.gnu-tools-for-stm32.10.3-2021.10.win32_1.0.200.202301161003/tools/bin/../lib/gcc/arm-none-eabi/10.3.1/../../../../arm-none-eabi/lib/thumb/v7e-m+fp/hard\libc_nano.a(lib_a-nano-svfprintf.o)
 .ARM.attributes
                0x000000000000041b       0x34 c:/st/stm32cubeide_1.12.0/stm32cubeide/plugins/com.st.stm32cube.ide.mcu.externaltools.gnu-tools-for-stm32.10.3-2021.10.win32_1.0.200.202301161003/tools/bin/../lib/gcc/arm-none-eabi/10.3.1/../../../../arm-none-eabi/lib/thumb/v7e-m+fp/hard\libc_nano.a(lib_a-nano-vfprintf_i.o)
 .ARM.attributes
                0x000000000000044f       0x1c c:/st/stm32cubeide_1.12.0/stm32cubeide/plugins/com.st.stm32cube.ide.mcu.externaltools.gnu-tools-for-stm32.10.3-2021.10.win32_1.0.200.202301161003/tools/bin/../lib/gcc/arm-none-eabi/10.3.1/../../../../arm-none-eabi/lib/thumb/v7e-m+fp/hard\libc_nano.a(lib_a-memchr.o)
 .ARM.attributes
                0x000000000000046b       0x34 c:/st/stm32cubeide_1.12.0/stm32cubeide/plugins/com.st.stm32cube.ide.mcu.externaltools.gnu-tools-for-stm32.10.3-2021.10.win32_1.0.200.202301161003/tools/bin/../lib/gcc/arm-none-eabi/10.3.1/../../../../arm-none-eabi/lib/thumb/v7e-m+fp/hard\libc_nano.a(lib_a-memcpy-stub.o)
 .ARM.attributes
                0x000000000000049f       0x34 c:/st/stm32cubeide_1.12.0/stm32cubeide/plugins/com.st.stm32cube.ide.mcu.externaltools.gnu-tools-for-stm32.10.3-2021.10.win32_1.0.200.202301161003/tools/bin/../lib/gcc/arm-none-eabi/10.3.1/../../../../arm-none-eabi/lib/thumb/v7e-m+fp/hard\libc_nano.a(lib_a-memmove.o)
 .ARM.attributes
                0x00000000000004d3       0x34 c:/st/stm32cubeide_1.12.0/stm32cubeide/plugins/com.st.stm32cube.ide.mcu.externaltools.gnu-tools-for-stm32.10.3-2021.10.win32_1.0.200.202301161003/tools/bin/../lib/gcc/arm-none-eabi/10.3.1/../../../../arm-none-eabi/lib/thumb/v7e-m+fp/hard\libc_nano.a(lib_a-nano-freer.o)
 .ARM.attributes
                0x0000000000000507       0x34 c:/st/stm32cubeide_1.12.0/stm32cubeide/plugins/com.st.stm32cube.ide.mcu.externaltools.gnu-tools-for-stm32.10.3-2021.10.win32_1.0.200.202301161003/tools/bin/../lib/gcc/arm-none-eabi/10.3.1/../../../../arm-none-eabi/lib/thumb/v7e-m+fp/hard\libc_nano.a(lib_a-nano-mallocr.o)
 .ARM.attributes
                0x000000000000053b       0x34 c:/st/stm32cubeide_1.12.0/stm32cubeide/plugins/com.st.stm32cube.ide.mcu.externaltools.gnu-tools-for-stm32.10.3-2021.10.win32_1.0.200.202301161003/tools/bin/../lib/gcc/arm-none-eabi/10.3.1/../../../../arm-none-eabi/lib/thumb/v7e-m+fp/hard\libc_nano.a(lib_a-nano-reallocr.o)
 .ARM.attributes
                0x000000000000056f       0x34 c:/st/stm32cubeide_1.12.0/stm32cubeide/plugins/com.st.stm32cube.ide.mcu.externaltools.gnu-tools-for-stm32.10.3-2021.10.win32_1.0.200.202301161003/tools/bin/../lib/gcc/arm-none-eabi/10.3.1/../../../../arm-none-eabi/lib/thumb/v7e-m+fp/hard\libc_nano.a(lib_a-sbrkr.o)
 .ARM.attributes
                0x00000000000005a3       0x34 c:/st/stm32cubeide_1.12.0/stm32cubeide/plugins/com.st.stm32cube.ide.mcu.externaltools.gnu-tools-for-stm32.10.3-2021.10.win32_1.0.200.202301161003/tools/bin/../lib/gcc/arm-none-eabi/10.3.1/../../../../arm-none-eabi/lib/thumb/v7e-m+fp/hard\libc_nano.a(lib_a-mlock.o)
 .ARM.attributes
                0x00000000000005d7       0x34 c:/st/stm32cubeide_1.12.0/stm32cubeide/plugins/com.st.stm32cube.ide.mcu.externaltools.gnu-tools-for-stm32.10.3-2021.10.win32_1.0.200.202301161003/tools/bin/../lib/gcc/arm-none-eabi/10.3.1/../../../../arm-none-eabi/lib/thumb/v7e-m+fp/hard\libc_nano.a(lib_a-nano-msizer.o)
 .ARM.attributes
                0x000000000000060b       0x34 c:/st/stm32cubeide_1.12.0/stm32cubeide/plugins/com.st.stm32cube.ide.mcu.externaltools.gnu-tools-for-stm32.10.3-2021.10.win32_1.0.200.202301161003/tools/bin/../lib/gcc/arm-none-eabi/10.3.1/../../../../arm-none-eabi/lib/thumb/v7e-m+fp/hard\libc_nano.a(lib_a-reent.o)
 .ARM.attributes
                0x000000000000063f       0x34 c:/st/stm32cubeide_1.12.0/stm32cubeide/plugins/com.st.stm32cube.ide.mcu.externaltools.gnu-tools-for-stm32.10.3-2021.10.win32_1.0.200.202301161003/tools/bin/../lib/gcc/arm-none-eabi/10.3.1/../../../../arm-none-eabi/lib/thumb/v7e-m+fp/hard\libc_nano.a(lib_a-lock.o)
 .ARM.attributes
                0x0000000000000673       0x1e c:/st/stm32cubeide_1.12.0/stm32cubeide/plugins/com.st.stm32cube.ide.mcu.externaltools.gnu-tools-for-stm32.10.3-2021.10.win32_1.0.200.202301161003/tools/bin/../lib/gcc/arm-none-eabi/10.3.1/thumb/v7e-m+fp/hard/crtn.o
OUTPUT(assignment7.elf elf32-littlearm)
LOAD linker stubs
LOAD c:/st/stm32cubeide_1.12.0/stm32cubeide/plugins/com.st.stm32cube.ide.mcu.externaltools.gnu-tools-for-stm32.10.3-2021.10.win32_1.0.200.202301161003/tools/bin/../lib/gcc/arm-none-eabi/10.3.1/../../../../arm-none-eabi/lib/thumb/v7e-m+fp/hard\libc.a
LOAD c:/st/stm32cubeide_1.12.0/stm32cubeide/plugins/com.st.stm32cube.ide.mcu.externaltools.gnu-tools-for-stm32.10.3-2021.10.win32_1.0.200.202301161003/tools/bin/../lib/gcc/arm-none-eabi/10.3.1/../../../../arm-none-eabi/lib/thumb/v7e-m+fp/hard\libm.a
LOAD c:/st/stm32cubeide_1.12.0/stm32cubeide/plugins/com.st.stm32cube.ide.mcu.externaltools.gnu-tools-for-stm32.10.3-2021.10.win32_1.0.200.202301161003/tools/bin/../lib/gcc/arm-none-eabi/10.3.1/thumb/v7e-m+fp/hard\libgcc.a

.debug_info     0x0000000000000000     0x5807
 .debug_info    0x0000000000000000      0xa28 ./Core/Src/ADC.o
 .debug_info    0x0000000000000a28      0x132 ./Core/Src/delay.o
 .debug_info    0x0000000000000b5a      0x3f8 ./Core/Src/main.o
 .debug_info    0x0000000000000f52      0x324 ./Core/Src/stm32l4xx_hal_msp.o
 .debug_info    0x0000000000001276      0x122 ./Core/Src/stm32l4xx_it.o
 .debug_info    0x0000000000001398      0x171 ./Core/Src/sysmem.o
 .debug_info    0x0000000000001509      0x5e2 ./Core/Src/system_stm32l4xx.o
 .debug_info    0x0000000000001aeb      0xc05 ./Core/Src/uart.o
 .debug_info    0x00000000000026f0       0x22 ./Core/Startup/startup_stm32l4a6zgtx.o
 .debug_info    0x0000000000002712      0xb9b ./Drivers/STM32L4xx_HAL_Driver/Src/stm32l4xx_hal.o
 .debug_info    0x00000000000032ad      0xe5d ./Drivers/STM32L4xx_HAL_Driver/Src/stm32l4xx_hal_cortex.o
 .debug_info    0x000000000000410a      0x9e6 ./Drivers/STM32L4xx_HAL_Driver/Src/stm32l4xx_hal_pwr_ex.o
 .debug_info    0x0000000000004af0      0xd17 ./Drivers/STM32L4xx_HAL_Driver/Src/stm32l4xx_hal_rcc.o

.debug_abbrev   0x0000000000000000     0x1348
 .debug_abbrev  0x0000000000000000      0x1af ./Core/Src/ADC.o
 .debug_abbrev  0x00000000000001af       0xe4 ./Core/Src/delay.o
 .debug_abbrev  0x0000000000000293      0x1c7 ./Core/Src/main.o
 .debug_abbrev  0x000000000000045a       0xc2 ./Core/Src/stm32l4xx_hal_msp.o
 .debug_abbrev  0x000000000000051c       0x74 ./Core/Src/stm32l4xx_it.o
 .debug_abbrev  0x0000000000000590       0xbb ./Core/Src/sysmem.o
 .debug_abbrev  0x000000000000064b      0x116 ./Core/Src/system_stm32l4xx.o
 .debug_abbrev  0x0000000000000761      0x1d5 ./Core/Src/uart.o
 .debug_abbrev  0x0000000000000936       0x12 ./Core/Startup/startup_stm32l4a6zgtx.o
 .debug_abbrev  0x0000000000000948      0x23a ./Drivers/STM32L4xx_HAL_Driver/Src/stm32l4xx_hal.o
 .debug_abbrev  0x0000000000000b82      0x316 ./Drivers/STM32L4xx_HAL_Driver/Src/stm32l4xx_hal_cortex.o
 .debug_abbrev  0x0000000000000e98      0x1f3 ./Drivers/STM32L4xx_HAL_Driver/Src/stm32l4xx_hal_pwr_ex.o
 .debug_abbrev  0x000000000000108b      0x2bd ./Drivers/STM32L4xx_HAL_Driver/Src/stm32l4xx_hal_rcc.o

.debug_aranges  0x0000000000000000      0x628
 .debug_aranges
                0x0000000000000000       0x30 ./Core/Src/ADC.o
 .debug_aranges
                0x0000000000000030       0x28 ./Core/Src/delay.o
 .debug_aranges
                0x0000000000000058       0x30 ./Core/Src/main.o
 .debug_aranges
                0x0000000000000088       0x20 ./Core/Src/stm32l4xx_hal_msp.o
 .debug_aranges
                0x00000000000000a8       0x60 ./Core/Src/stm32l4xx_it.o
 .debug_aranges
                0x0000000000000108       0x20 ./Core/Src/sysmem.o
 .debug_aranges
                0x0000000000000128       0x28 ./Core/Src/system_stm32l4xx.o
 .debug_aranges
                0x0000000000000150       0x88 ./Core/Src/uart.o
 .debug_aranges
                0x00000000000001d8       0x28 ./Core/Startup/startup_stm32l4a6zgtx.o
 .debug_aranges
                0x0000000000000200      0x130 ./Drivers/STM32L4xx_HAL_Driver/Src/stm32l4xx_hal.o
 .debug_aranges
                0x0000000000000330      0x118 ./Drivers/STM32L4xx_HAL_Driver/Src/stm32l4xx_hal_cortex.o
 .debug_aranges
                0x0000000000000448      0x150 ./Drivers/STM32L4xx_HAL_Driver/Src/stm32l4xx_hal_pwr_ex.o
 .debug_aranges
                0x0000000000000598       0x90 ./Drivers/STM32L4xx_HAL_Driver/Src/stm32l4xx_hal_rcc.o

.debug_ranges   0x0000000000000000      0x560
 .debug_ranges  0x0000000000000000       0x20 ./Core/Src/ADC.o
 .debug_ranges  0x0000000000000020       0x18 ./Core/Src/delay.o
 .debug_ranges  0x0000000000000038       0x20 ./Core/Src/main.o
 .debug_ranges  0x0000000000000058       0x10 ./Core/Src/stm32l4xx_hal_msp.o
 .debug_ranges  0x0000000000000068       0x50 ./Core/Src/stm32l4xx_it.o
 .debug_ranges  0x00000000000000b8       0x10 ./Core/Src/sysmem.o
 .debug_ranges  0x00000000000000c8       0x18 ./Core/Src/system_stm32l4xx.o
 .debug_ranges  0x00000000000000e0       0x78 ./Core/Src/uart.o
 .debug_ranges  0x0000000000000158       0x20 ./Core/Startup/startup_stm32l4a6zgtx.o
 .debug_ranges  0x0000000000000178      0x120 ./Drivers/STM32L4xx_HAL_Driver/Src/stm32l4xx_hal.o
 .debug_ranges  0x0000000000000298      0x108 ./Drivers/STM32L4xx_HAL_Driver/Src/stm32l4xx_hal_cortex.o
 .debug_ranges  0x00000000000003a0      0x140 ./Drivers/STM32L4xx_HAL_Driver/Src/stm32l4xx_hal_pwr_ex.o
 .debug_ranges  0x00000000000004e0       0x80 ./Drivers/STM32L4xx_HAL_Driver/Src/stm32l4xx_hal_rcc.o

.debug_macro    0x0000000000000000    0x2837b
 .debug_macro   0x0000000000000000      0x1ac ./Core/Src/ADC.o
 .debug_macro   0x00000000000001ac      0xa78 ./Core/Src/ADC.o
 .debug_macro   0x0000000000000c24      0x19b ./Core/Src/ADC.o
 .debug_macro   0x0000000000000dbf       0x2e ./Core/Src/ADC.o
 .debug_macro   0x0000000000000ded       0x28 ./Core/Src/ADC.o
 .debug_macro   0x0000000000000e15       0x22 ./Core/Src/ADC.o
 .debug_macro   0x0000000000000e37       0x8e ./Core/Src/ADC.o
 .debug_macro   0x0000000000000ec5       0x51 ./Core/Src/ADC.o
 .debug_macro   0x0000000000000f16      0x103 ./Core/Src/ADC.o
 .debug_macro   0x0000000000001019       0x6a ./Core/Src/ADC.o
 .debug_macro   0x0000000000001083      0x1df ./Core/Src/ADC.o
 .debug_macro   0x0000000000001262       0x1c ./Core/Src/ADC.o
 .debug_macro   0x000000000000127e       0x22 ./Core/Src/ADC.o
 .debug_macro   0x00000000000012a0       0xfb ./Core/Src/ADC.o
 .debug_macro   0x000000000000139b     0x1011 ./Core/Src/ADC.o
 .debug_macro   0x00000000000023ac      0x11f ./Core/Src/ADC.o
 .debug_macro   0x00000000000024cb    0x1c8bf ./Core/Src/ADC.o
 .debug_macro   0x000000000001ed8a       0x6d ./Core/Src/ADC.o
 .debug_macro   0x000000000001edf7     0x38e6 ./Core/Src/ADC.o
 .debug_macro   0x00000000000226dd      0x174 ./Core/Src/ADC.o
 .debug_macro   0x0000000000022851       0x5c ./Core/Src/ADC.o
 .debug_macro   0x00000000000228ad     0x1909 ./Core/Src/ADC.o
 .debug_macro   0x00000000000241b6      0x773 ./Core/Src/ADC.o
 .debug_macro   0x0000000000024929      0x1b9 ./Core/Src/ADC.o
 .debug_macro   0x0000000000024ae2      0x202 ./Core/Src/ADC.o
 .debug_macro   0x0000000000024ce4      0x26b ./Core/Src/ADC.o
 .debug_macro   0x0000000000024f4f      0x23d ./Core/Src/ADC.o
 .debug_macro   0x000000000002518c      0x241 ./Core/Src/ADC.o
 .debug_macro   0x00000000000253cd      0x3ad ./Core/Src/ADC.o
 .debug_macro   0x000000000002577a       0xe4 ./Core/Src/ADC.o
 .debug_macro   0x000000000002585e      0x122 ./Core/Src/ADC.o
 .debug_macro   0x0000000000025980      0x3ef ./Core/Src/ADC.o
 .debug_macro   0x0000000000025d6f      0x433 ./Core/Src/ADC.o
 .debug_macro   0x00000000000261a2      0x1a2 ./Core/Src/delay.o
 .debug_macro   0x0000000000026344      0x31e ./Core/Src/main.o
 .debug_macro   0x0000000000026662       0x52 ./Core/Src/main.o
 .debug_macro   0x00000000000266b4       0x1e ./Core/Src/main.o
 .debug_macro   0x00000000000266d2       0x3c ./Core/Src/main.o
 .debug_macro   0x000000000002670e       0x34 ./Core/Src/main.o
 .debug_macro   0x0000000000026742       0x16 ./Core/Src/main.o
 .debug_macro   0x0000000000026758       0x35 ./Core/Src/main.o
 .debug_macro   0x000000000002678d      0x341 ./Core/Src/main.o
 .debug_macro   0x0000000000026ace       0x10 ./Core/Src/main.o
 .debug_macro   0x0000000000026ade       0x16 ./Core/Src/main.o
 .debug_macro   0x0000000000026af4       0x43 ./Core/Src/main.o
 .debug_macro   0x0000000000026b37       0x34 ./Core/Src/main.o
 .debug_macro   0x0000000000026b6b       0x10 ./Core/Src/main.o
 .debug_macro   0x0000000000026b7b       0x58 ./Core/Src/main.o
 .debug_macro   0x0000000000026bd3       0x71 ./Core/Src/main.o
 .debug_macro   0x0000000000026c44       0x1c ./Core/Src/main.o
 .debug_macro   0x0000000000026c60      0x12a ./Core/Src/main.o
 .debug_macro   0x0000000000026d8a       0x10 ./Core/Src/main.o
 .debug_macro   0x0000000000026d9a       0x1c ./Core/Src/main.o
 .debug_macro   0x0000000000026db6       0x52 ./Core/Src/main.o
 .debug_macro   0x0000000000026e08       0x22 ./Core/Src/main.o
 .debug_macro   0x0000000000026e2a       0x10 ./Core/Src/main.o
 .debug_macro   0x0000000000026e3a       0x52 ./Core/Src/main.o
 .debug_macro   0x0000000000026e8c       0xd5 ./Core/Src/main.o
 .debug_macro   0x0000000000026f61       0x1c ./Core/Src/main.o
 .debug_macro   0x0000000000026f7d       0x3d ./Core/Src/main.o
 .debug_macro   0x0000000000026fba       0x16 ./Core/Src/main.o
 .debug_macro   0x0000000000026fd0      0x145 ./Core/Src/main.o
 .debug_macro   0x0000000000027115       0x16 ./Core/Src/main.o
 .debug_macro   0x000000000002712b      0x1a2 ./Core/Src/stm32l4xx_hal_msp.o
 .debug_macro   0x00000000000272cd      0x1ac ./Core/Src/stm32l4xx_it.o
 .debug_macro   0x0000000000027479       0xff ./Core/Src/sysmem.o
 .debug_macro   0x0000000000027578      0x23b ./Core/Src/sysmem.o
 .debug_macro   0x00000000000277b3      0x198 ./Core/Src/system_stm32l4xx.o
 .debug_macro   0x000000000002794b      0x306 ./Core/Src/uart.o
 .debug_macro   0x0000000000027c51       0x10 ./Core/Src/uart.o
 .debug_macro   0x0000000000027c61      0x1e6 ./Drivers/STM32L4xx_HAL_Driver/Src/stm32l4xx_hal.o
 .debug_macro   0x0000000000027e47      0x198 ./Drivers/STM32L4xx_HAL_Driver/Src/stm32l4xx_hal_cortex.o
 .debug_macro   0x0000000000027fdf      0x1c2 ./Drivers/STM32L4xx_HAL_Driver/Src/stm32l4xx_hal_pwr_ex.o
 .debug_macro   0x00000000000281a1      0x1da ./Drivers/STM32L4xx_HAL_Driver/Src/stm32l4xx_hal_rcc.o

.debug_line     0x0000000000000000     0x6c13
 .debug_line    0x0000000000000000      0x704 ./Core/Src/ADC.o
 .debug_line    0x0000000000000704      0x697 ./Core/Src/delay.o
 .debug_line    0x0000000000000d9b      0x8eb ./Core/Src/main.o
 .debug_line    0x0000000000001686      0x660 ./Core/Src/stm32l4xx_hal_msp.o
 .debug_line    0x0000000000001ce6      0x723 ./Core/Src/stm32l4xx_it.o
 .debug_line    0x0000000000002409      0x4f4 ./Core/Src/sysmem.o
 .debug_line    0x00000000000028fd      0x6f8 ./Core/Src/system_stm32l4xx.o
 .debug_line    0x0000000000002ff5      0xa1b ./Core/Src/uart.o
 .debug_line    0x0000000000003a10       0x88 ./Core/Startup/startup_stm32l4a6zgtx.o
 .debug_line    0x0000000000003a98      0xa50 ./Drivers/STM32L4xx_HAL_Driver/Src/stm32l4xx_hal.o
 .debug_line    0x00000000000044e8      0xbf7 ./Drivers/STM32L4xx_HAL_Driver/Src/stm32l4xx_hal_cortex.o
 .debug_line    0x00000000000050df      0xc22 ./Drivers/STM32L4xx_HAL_Driver/Src/stm32l4xx_hal_pwr_ex.o
 .debug_line    0x0000000000005d01      0xf12 ./Drivers/STM32L4xx_HAL_Driver/Src/stm32l4xx_hal_rcc.o

.debug_str      0x0000000000000000    0xf28de
 .debug_str     0x0000000000000000    0xecdd1 ./Core/Src/ADC.o
                                      0xed164 (size before relaxing)
 .debug_str     0x00000000000ecdd1       0x51 ./Core/Src/delay.o
                                      0xec97b (size before relaxing)
 .debug_str     0x00000000000ece22     0x4008 ./Core/Src/main.o
                                      0xf0972 (size before relaxing)
 .debug_str     0x00000000000f0e2a       0x33 ./Core/Src/stm32l4xx_hal_msp.o
                                      0xecaa1 (size before relaxing)
 .debug_str     0x00000000000f0e5d       0xc9 ./Core/Src/stm32l4xx_it.o
                                      0xec9cd (size before relaxing)
 .debug_str     0x00000000000f0f26      0x4da ./Core/Src/sysmem.o
                                       0x5dc1 (size before relaxing)
 .debug_str     0x00000000000f1400       0xe2 ./Core/Src/system_stm32l4xx.o
                                      0xecb68 (size before relaxing)
 .debug_str     0x00000000000f14e2      0x1a3 ./Core/Src/uart.o
                                      0xf0fd8 (size before relaxing)
 .debug_str     0x00000000000f1685       0x36 ./Core/Startup/startup_stm32l4a6zgtx.o
                                         0x6b (size before relaxing)
 .debug_str     0x00000000000f16bb      0x658 ./Drivers/STM32L4xx_HAL_Driver/Src/stm32l4xx_hal.o
                                      0xed77e (size before relaxing)
 .debug_str     0x00000000000f1d13      0x328 ./Drivers/STM32L4xx_HAL_Driver/Src/stm32l4xx_hal_cortex.o
                                      0xed41f (size before relaxing)
 .debug_str     0x00000000000f203b      0x4b3 ./Drivers/STM32L4xx_HAL_Driver/Src/stm32l4xx_hal_pwr_ex.o
                                      0xed0b7 (size before relaxing)
 .debug_str     0x00000000000f24ee      0x3f0 ./Drivers/STM32L4xx_HAL_Driver/Src/stm32l4xx_hal_rcc.o
                                      0xed1b5 (size before relaxing)

.comment        0x0000000000000000       0x50
 .comment       0x0000000000000000       0x50 ./Core/Src/ADC.o
                                         0x51 (size before relaxing)
 .comment       0x0000000000000050       0x51 ./Core/Src/delay.o
 .comment       0x0000000000000050       0x51 ./Core/Src/main.o
 .comment       0x0000000000000050       0x51 ./Core/Src/stm32l4xx_hal_msp.o
 .comment       0x0000000000000050       0x51 ./Core/Src/stm32l4xx_it.o
 .comment       0x0000000000000050       0x51 ./Core/Src/sysmem.o
 .comment       0x0000000000000050       0x51 ./Core/Src/system_stm32l4xx.o
 .comment       0x0000000000000050       0x51 ./Core/Src/uart.o
 .comment       0x0000000000000050       0x51 ./Drivers/STM32L4xx_HAL_Driver/Src/stm32l4xx_hal.o
 .comment       0x0000000000000050       0x51 ./Drivers/STM32L4xx_HAL_Driver/Src/stm32l4xx_hal_cortex.o
 .comment       0x0000000000000050       0x51 ./Drivers/STM32L4xx_HAL_Driver/Src/stm32l4xx_hal_pwr_ex.o
 .comment       0x0000000000000050       0x51 ./Drivers/STM32L4xx_HAL_Driver/Src/stm32l4xx_hal_rcc.o

.debug_frame    0x0000000000000000     0x19b8
 .debug_frame   0x0000000000000000       0x6c ./Core/Src/ADC.o
 .debug_frame   0x000000000000006c       0x58 ./Core/Src/delay.o
 .debug_frame   0x00000000000000c4       0x6c ./Core/Src/main.o
 .debug_frame   0x0000000000000130       0x38 ./Core/Src/stm32l4xx_hal_msp.o
 .debug_frame   0x0000000000000168      0x104 ./Core/Src/stm32l4xx_it.o
 .debug_frame   0x000000000000026c       0x34 ./Core/Src/sysmem.o
 .debug_frame   0x00000000000002a0       0x58 ./Core/Src/system_stm32l4xx.o
 .debug_frame   0x00000000000002f8      0x1d0 ./Core/Src/uart.o
 .debug_frame   0x00000000000004c8      0x498 ./Drivers/STM32L4xx_HAL_Driver/Src/stm32l4xx_hal.o
 .debug_frame   0x0000000000000960      0x498 ./Drivers/STM32L4xx_HAL_Driver/Src/stm32l4xx_hal_cortex.o
 .debug_frame   0x0000000000000df8      0x544 ./Drivers/STM32L4xx_HAL_Driver/Src/stm32l4xx_hal_pwr_ex.o
 .debug_frame   0x000000000000133c      0x21c ./Drivers/STM32L4xx_HAL_Driver/Src/stm32l4xx_hal_rcc.o
 .debug_frame   0x0000000000001558       0x20 c:/st/stm32cubeide_1.12.0/stm32cubeide/plugins/com.st.stm32cube.ide.mcu.externaltools.gnu-tools-for-stm32.10.3-2021.10.win32_1.0.200.202301161003/tools/bin/../lib/gcc/arm-none-eabi/10.3.1/../../../../arm-none-eabi/lib/thumb/v7e-m+fp/hard\libc_nano.a(lib_a-errno.o)
 .debug_frame   0x0000000000001578       0x2c c:/st/stm32cubeide_1.12.0/stm32cubeide/plugins/com.st.stm32cube.ide.mcu.externaltools.gnu-tools-for-stm32.10.3-2021.10.win32_1.0.200.202301161003/tools/bin/../lib/gcc/arm-none-eabi/10.3.1/../../../../arm-none-eabi/lib/thumb/v7e-m+fp/hard\libc_nano.a(lib_a-init.o)
 .debug_frame   0x00000000000015a4       0x20 c:/st/stm32cubeide_1.12.0/stm32cubeide/plugins/com.st.stm32cube.ide.mcu.externaltools.gnu-tools-for-stm32.10.3-2021.10.win32_1.0.200.202301161003/tools/bin/../lib/gcc/arm-none-eabi/10.3.1/../../../../arm-none-eabi/lib/thumb/v7e-m+fp/hard\libc_nano.a(lib_a-memset.o)
 .debug_frame   0x00000000000015c4       0x6c c:/st/stm32cubeide_1.12.0/stm32cubeide/plugins/com.st.stm32cube.ide.mcu.externaltools.gnu-tools-for-stm32.10.3-2021.10.win32_1.0.200.202301161003/tools/bin/../lib/gcc/arm-none-eabi/10.3.1/../../../../arm-none-eabi/lib/thumb/v7e-m+fp/hard\libc_nano.a(lib_a-sprintf.o)
 .debug_frame   0x0000000000001630       0x90 c:/st/stm32cubeide_1.12.0/stm32cubeide/plugins/com.st.stm32cube.ide.mcu.externaltools.gnu-tools-for-stm32.10.3-2021.10.win32_1.0.200.202301161003/tools/bin/../lib/gcc/arm-none-eabi/10.3.1/../../../../arm-none-eabi/lib/thumb/v7e-m+fp/hard\libc_nano.a(lib_a-nano-svfprintf.o)
 .debug_frame   0x00000000000016c0       0x60 c:/st/stm32cubeide_1.12.0/stm32cubeide/plugins/com.st.stm32cube.ide.mcu.externaltools.gnu-tools-for-stm32.10.3-2021.10.win32_1.0.200.202301161003/tools/bin/../lib/gcc/arm-none-eabi/10.3.1/../../../../arm-none-eabi/lib/thumb/v7e-m+fp/hard\libc_nano.a(lib_a-nano-vfprintf_i.o)
 .debug_frame   0x0000000000001720       0x28 c:/st/stm32cubeide_1.12.0/stm32cubeide/plugins/com.st.stm32cube.ide.mcu.externaltools.gnu-tools-for-stm32.10.3-2021.10.win32_1.0.200.202301161003/tools/bin/../lib/gcc/arm-none-eabi/10.3.1/../../../../arm-none-eabi/lib/thumb/v7e-m+fp/hard\libc_nano.a(lib_a-memcpy-stub.o)
 .debug_frame   0x0000000000001748       0x28 c:/st/stm32cubeide_1.12.0/stm32cubeide/plugins/com.st.stm32cube.ide.mcu.externaltools.gnu-tools-for-stm32.10.3-2021.10.win32_1.0.200.202301161003/tools/bin/../lib/gcc/arm-none-eabi/10.3.1/../../../../arm-none-eabi/lib/thumb/v7e-m+fp/hard\libc_nano.a(lib_a-memmove.o)
 .debug_frame   0x0000000000001770       0x38 c:/st/stm32cubeide_1.12.0/stm32cubeide/plugins/com.st.stm32cube.ide.mcu.externaltools.gnu-tools-for-stm32.10.3-2021.10.win32_1.0.200.202301161003/tools/bin/../lib/gcc/arm-none-eabi/10.3.1/../../../../arm-none-eabi/lib/thumb/v7e-m+fp/hard\libc_nano.a(lib_a-nano-freer.o)
 .debug_frame   0x00000000000017a8       0x4c c:/st/stm32cubeide_1.12.0/stm32cubeide/plugins/com.st.stm32cube.ide.mcu.externaltools.gnu-tools-for-stm32.10.3-2021.10.win32_1.0.200.202301161003/tools/bin/../lib/gcc/arm-none-eabi/10.3.1/../../../../arm-none-eabi/lib/thumb/v7e-m+fp/hard\libc_nano.a(lib_a-nano-mallocr.o)
 .debug_frame   0x00000000000017f4       0x3c c:/st/stm32cubeide_1.12.0/stm32cubeide/plugins/com.st.stm32cube.ide.mcu.externaltools.gnu-tools-for-stm32.10.3-2021.10.win32_1.0.200.202301161003/tools/bin/../lib/gcc/arm-none-eabi/10.3.1/../../../../arm-none-eabi/lib/thumb/v7e-m+fp/hard\libc_nano.a(lib_a-nano-reallocr.o)
 .debug_frame   0x0000000000001830       0x2c c:/st/stm32cubeide_1.12.0/stm32cubeide/plugins/com.st.stm32cube.ide.mcu.externaltools.gnu-tools-for-stm32.10.3-2021.10.win32_1.0.200.202301161003/tools/bin/../lib/gcc/arm-none-eabi/10.3.1/../../../../arm-none-eabi/lib/thumb/v7e-m+fp/hard\libc_nano.a(lib_a-sbrkr.o)
 .debug_frame   0x000000000000185c       0x30 c:/st/stm32cubeide_1.12.0/stm32cubeide/plugins/com.st.stm32cube.ide.mcu.externaltools.gnu-tools-for-stm32.10.3-2021.10.win32_1.0.200.202301161003/tools/bin/../lib/gcc/arm-none-eabi/10.3.1/../../../../arm-none-eabi/lib/thumb/v7e-m+fp/hard\libc_nano.a(lib_a-mlock.o)
 .debug_frame   0x000000000000188c       0x20 c:/st/stm32cubeide_1.12.0/stm32cubeide/plugins/com.st.stm32cube.ide.mcu.externaltools.gnu-tools-for-stm32.10.3-2021.10.win32_1.0.200.202301161003/tools/bin/../lib/gcc/arm-none-eabi/10.3.1/../../../../arm-none-eabi/lib/thumb/v7e-m+fp/hard\libc_nano.a(lib_a-nano-msizer.o)
 .debug_frame   0x00000000000018ac       0x5c c:/st/stm32cubeide_1.12.0/stm32cubeide/plugins/com.st.stm32cube.ide.mcu.externaltools.gnu-tools-for-stm32.10.3-2021.10.win32_1.0.200.202301161003/tools/bin/../lib/gcc/arm-none-eabi/10.3.1/../../../../arm-none-eabi/lib/thumb/v7e-m+fp/hard\libc_nano.a(lib_a-reent.o)
 .debug_frame   0x0000000000001908       0xb0 c:/st/stm32cubeide_1.12.0/stm32cubeide/plugins/com.st.stm32cube.ide.mcu.externaltools.gnu-tools-for-stm32.10.3-2021.10.win32_1.0.200.202301161003/tools/bin/../lib/gcc/arm-none-eabi/10.3.1/../../../../arm-none-eabi/lib/thumb/v7e-m+fp/hard\libc_nano.a(lib_a-lock.o)
